// Jest Snapshot v1, https://goo.gl/fbAQLP

exports[`CDK synthesis result should match the snapshot 1`] = `
Object {
  "Outputs": Object {
    "EC2instance": Object {
      "Value": Object {
        "Ref": "WindowsEC2Instance662D4F30",
      },
    },
  },
  "Resources": Object {
    "SecurityGroupDD263621": Object {
      "Properties": Object {
        "GroupDescription": "Allow mqtt, rdp and opc/tcp access to ec2 instances from anywhere",
        "GroupName": "windows-opcua-security-group",
        "SecurityGroupEgress": Array [
          Object {
            "CidrIp": "0.0.0.0/0",
            "Description": "Allow all outbound traffic by default",
            "IpProtocol": "-1",
          },
        ],
        "SecurityGroupIngress": Array [
          Object {
            "CidrIp": "0.0.0.0/0",
            "Description": "allow public rdp access",
            "FromPort": 3389,
            "IpProtocol": "tcp",
            "ToPort": 3389,
          },
          Object {
            "CidrIp": "0.0.0.0/0",
            "Description": "allow public mqtt access",
            "FromPort": 8883,
            "IpProtocol": "tcp",
            "ToPort": 8883,
          },
          Object {
            "CidrIp": "0.0.0.0/0",
            "Description": "allow public mqtt access",
            "FromPort": 1883,
            "IpProtocol": "tcp",
            "ToPort": 1883,
          },
          Object {
            "CidrIp": "0.0.0.0/0",
            "Description": "allow public opc-ua access",
            "FromPort": 4840,
            "IpProtocol": "tcp",
            "ToPort": 4840,
          },
          Object {
            "CidrIp": "0.0.0.0/0",
            "Description": "allow public opc-ua access",
            "FromPort": 48030,
            "IpProtocol": "tcp",
            "ToPort": 48030,
          },
        ],
        "VpcId": "vpc-12345",
      },
      "Type": "AWS::EC2::SecurityGroup",
    },
    "WindowsEC2Instance662D4F30": Object {
      "DependsOn": Array [
        "WindowsEC2InstanceInstanceRoleA5A23425",
      ],
      "Properties": Object {
        "AvailabilityZone": "dummy1a",
        "IamInstanceProfile": Object {
          "Ref": "WindowsEC2InstanceInstanceProfileCFADF74C",
        },
        "ImageId": "ami-03b8ccac039488e94",
        "InstanceType": "t3.medium",
        "KeyName": "my_keypair_name",
        "SecurityGroupIds": Array [
          Object {
            "Fn::GetAtt": Array [
              "SecurityGroupDD263621",
              "GroupId",
            ],
          },
        ],
        "SubnetId": "p-12345",
        "Tags": Array [
          Object {
            "Key": "Name",
            "Value": "Ec2CustomAmiStack/Windows EC2 Instance",
          },
        ],
        "UserData": Object {
          "Fn::Base64": "<powershell></powershell>",
        },
      },
      "Type": "AWS::EC2::Instance",
    },
    "WindowsEC2InstanceInstanceProfileCFADF74C": Object {
      "Properties": Object {
        "Roles": Array [
          Object {
            "Ref": "WindowsEC2InstanceInstanceRoleA5A23425",
          },
        ],
      },
      "Type": "AWS::IAM::InstanceProfile",
    },
    "WindowsEC2InstanceInstanceRoleA5A23425": Object {
      "Properties": Object {
        "AssumeRolePolicyDocument": Object {
          "Statement": Array [
            Object {
              "Action": "sts:AssumeRole",
              "Effect": "Allow",
              "Principal": Object {
                "Service": "ec2.amazonaws.com",
              },
            },
          ],
          "Version": "2012-10-17",
        },
        "Tags": Array [
          Object {
            "Key": "Name",
            "Value": "Ec2CustomAmiStack/Windows EC2 Instance",
          },
        ],
      },
      "Type": "AWS::IAM::Role",
    },
  },
}
`;
